Archive member included because of file (symbol)

e:/freescale/kds_v3/toolchain/bin/../lib/gcc/arm-none-eabi/4.8.4/../../../../arm-none-eabi/lib/armv7e-m/fpu\libg_s.a(lib_a-exit.o)
                              e:/freescale/kds_v3/toolchain/bin/../lib/gcc/arm-none-eabi/4.8.4/../../../../arm-none-eabi/lib/armv7e-m/fpu/crt0.o (exit)
e:/freescale/kds_v3/toolchain/bin/../lib/gcc/arm-none-eabi/4.8.4/../../../../arm-none-eabi/lib/armv7e-m/fpu\libg_s.a(lib_a-impure.o)
                              e:/freescale/kds_v3/toolchain/bin/../lib/gcc/arm-none-eabi/4.8.4/../../../../arm-none-eabi/lib/armv7e-m/fpu\libg_s.a(lib_a-exit.o) (_global_impure_ptr)
e:/freescale/kds_v3/toolchain/bin/../lib/gcc/arm-none-eabi/4.8.4/../../../../arm-none-eabi/lib/armv7e-m/fpu\libg_s.a(lib_a-init.o)
                              e:/freescale/kds_v3/toolchain/bin/../lib/gcc/arm-none-eabi/4.8.4/../../../../arm-none-eabi/lib/armv7e-m/fpu/crt0.o (__libc_init_array)
e:/freescale/kds_v3/toolchain/bin/../lib/gcc/arm-none-eabi/4.8.4/../../../../arm-none-eabi/lib/armv7e-m/fpu\libg_s.a(lib_a-memset.o)
                              e:/freescale/kds_v3/toolchain/bin/../lib/gcc/arm-none-eabi/4.8.4/../../../../arm-none-eabi/lib/armv7e-m/fpu/crt0.o (memset)
e:/freescale/kds_v3/toolchain/bin/../lib/gcc/arm-none-eabi/4.8.4/../../../../arm-none-eabi/lib/armv7e-m/fpu\libnosys.a(_exit.o)
                              e:/freescale/kds_v3/toolchain/bin/../lib/gcc/arm-none-eabi/4.8.4/../../../../arm-none-eabi/lib/armv7e-m/fpu\libg_s.a(lib_a-exit.o) (_exit)

Allocating common symbols
Common symbol       size              file

ASerialLdd1_DeviceDataPtr
                    0x4               ./Generated_Code/AS1.o
SR_reg              0x1               ./Static_Code/System/CPU_Init.o

Discarded input sections

 .text          0x00000000        0x0 e:/freescale/kds_v3/toolchain/bin/../lib/gcc/arm-none-eabi/4.8.4/armv7e-m/fpu/crti.o
 .data          0x00000000        0x0 e:/freescale/kds_v3/toolchain/bin/../lib/gcc/arm-none-eabi/4.8.4/armv7e-m/fpu/crti.o
 .bss           0x00000000        0x0 e:/freescale/kds_v3/toolchain/bin/../lib/gcc/arm-none-eabi/4.8.4/armv7e-m/fpu/crti.o
 .data          0x00000000        0x4 e:/freescale/kds_v3/toolchain/bin/../lib/gcc/arm-none-eabi/4.8.4/armv7e-m/fpu/crtbegin.o
 .data          0x00000000        0x0 e:/freescale/kds_v3/toolchain/bin/../lib/gcc/arm-none-eabi/4.8.4/../../../../arm-none-eabi/lib/armv7e-m/fpu/crt0.o
 .bss           0x00000000        0x0 e:/freescale/kds_v3/toolchain/bin/../lib/gcc/arm-none-eabi/4.8.4/../../../../arm-none-eabi/lib/armv7e-m/fpu/crt0.o
 .ARM.extab     0x00000000        0x0 e:/freescale/kds_v3/toolchain/bin/../lib/gcc/arm-none-eabi/4.8.4/../../../../arm-none-eabi/lib/armv7e-m/fpu/crt0.o
 .group         0x00000000        0x8 ./dxl_sdk/dxl_hal.o
 .group         0x00000000        0x8 ./dxl_sdk/dxl_hal.o
 .group         0x00000000        0x8 ./dxl_sdk/dxl_hal.o
 .group         0x00000000        0x8 ./dxl_sdk/dxl_hal.o
 .group         0x00000000        0x8 ./dxl_sdk/dxl_hal.o
 .group         0x00000000        0x8 ./dxl_sdk/dxl_hal.o
 .group         0x00000000        0x8 ./dxl_sdk/dxl_hal.o
 .group         0x00000000        0x8 ./dxl_sdk/dxl_hal.o
 .group         0x00000000        0x8 ./dxl_sdk/dxl_hal.o
 .group         0x00000000        0x8 ./dxl_sdk/dxl_hal.o
 .group         0x00000000        0x8 ./dxl_sdk/dxl_hal.o
 .group         0x00000000        0x8 ./dxl_sdk/dxl_hal.o
 .group         0x00000000        0x8 ./dxl_sdk/dxl_hal.o
 .group         0x00000000        0x8 ./dxl_sdk/dxl_hal.o
 .group         0x00000000        0x8 ./dxl_sdk/dxl_hal.o
 .group         0x00000000        0x8 ./dxl_sdk/dxl_hal.o
 .group         0x00000000        0x8 ./dxl_sdk/dxl_hal.o
 .group         0x00000000        0x8 ./dxl_sdk/dxl_hal.o
 .group         0x00000000        0x8 ./dxl_sdk/dxl_hal.o
 .group         0x00000000        0x8 ./dxl_sdk/dxl_hal.o
 .group         0x00000000        0x8 ./dxl_sdk/dxl_hal.o
 .group         0x00000000        0x8 ./dxl_sdk/dxl_hal.o
 .group         0x00000000        0x8 ./dxl_sdk/dxl_hal.o
 .group         0x00000000        0x8 ./dxl_sdk/dxl_hal.o
 .group         0x00000000        0x8 ./dxl_sdk/dxl_hal.o
 .group         0x00000000        0x8 ./dxl_sdk/dxl_hal.o
 .group         0x00000000        0x8 ./dxl_sdk/dxl_hal.o
 .group         0x00000000        0x8 ./dxl_sdk/dxl_hal.o
 .text          0x00000000        0x0 ./dxl_sdk/dxl_hal.o
 .data          0x00000000        0x0 ./dxl_sdk/dxl_hal.o
 .bss           0x00000000        0x0 ./dxl_sdk/dxl_hal.o
 .bss.timeout   0x00000000        0x4 ./dxl_sdk/dxl_hal.o
 .text.dxl_hal_close
                0x00000000        0xc ./dxl_sdk/dxl_hal.o
 .group         0x00000000        0x8 ./dxl_sdk/dynamixel.o
 .group         0x00000000        0x8 ./dxl_sdk/dynamixel.o
 .text          0x00000000        0x0 ./dxl_sdk/dynamixel.o
 .data          0x00000000        0x0 ./dxl_sdk/dynamixel.o
[...]
Memory Configuration

Name             Origin             Length             Attributes
m_interrupts     0x00000000         0x00000198         xr
m_text           0x00000410         0x000ffbf0         xr
m_data_1FFF0000  0x1fff0000         0x00010000         rw
m_data           0x20000000         0x00030000         rw
m_cfmprotrom     0x00000400         0x00000010         xr
*default*        0x00000000         0xffffffff

Linker script and memory map

LOAD e:/freescale/kds_v3/toolchain/bin/../lib/gcc/arm-none-eabi/4.8.4/armv7e-m/fpu/crti.o
LOAD e:/freescale/kds_v3/toolchain/bin/../lib/gcc/arm-none-eabi/4.8.4/armv7e-m/fpu/crtbegin.o
LOAD e:/freescale/kds_v3/toolchain/bin/../lib/gcc/arm-none-eabi/4.8.4/../../../../arm-none-eabi/lib/armv7e-m/fpu/crt0.o
LOAD ./dxl_sdk/dxl_hal.o
LOAD ./dxl_sdk/dynamixel.o
LOAD ./Static_Code/System/CPU_Init.o
LOAD ./Static_Code/System/Peripherals_Init.o
LOAD ./Static_Code/System/Vectors.o
LOAD ./Sources/Events.o
LOAD ./Sources/main.o
LOAD ./Project_Settings/Startup_Code/startup.o
LOAD ./Generated_Code/AS1.o
LOAD ./Generated_Code/ASerialLdd1.o
LOAD ./Generated_Code/Bit1.o
LOAD ./Generated_Code/Bit2.o
LOAD ./Generated_Code/Bit3.o
LOAD ./Generated_Code/BitIoLdd1.o
LOAD ./Generated_Code/BitIoLdd2.o
LOAD ./Generated_Code/BitIoLdd3.o
LOAD ./Generated_Code/CS1.o
LOAD ./Generated_Code/Cpu.o
LOAD ./Generated_Code/MCUC1.o
LOAD ./Generated_Code/PE_LDD.o
LOAD ./Generated_Code/Pins1.o
LOAD ./Generated_Code/TI1.o
LOAD ./Generated_Code/TMOUT1.o
LOAD ./Generated_Code/TU1.o
LOAD ./Generated_Code/TimerIntLdd1.o
LOAD ./Generated_Code/WAIT1.o
LOAD e:/freescale/kds_v3/toolchain/bin/../lib/gcc/arm-none-eabi/4.8.4/../../../../arm-none-eabi/lib/armv7e-m/fpu\libstdc++_s.a
LOAD e:/freescale/kds_v3/toolchain/bin/../lib/gcc/arm-none-eabi/4.8.4/../../../../arm-none-eabi/lib/armv7e-m/fpu\libm.a
START GROUP
LOAD e:/freescale/kds_v3/toolchain/bin/../lib/gcc/arm-none-eabi/4.8.4/armv7e-m/fpu\libgcc.a
LOAD e:/freescale/kds_v3/toolchain/bin/../lib/gcc/arm-none-eabi/4.8.4/../../../../arm-none-eabi/lib/armv7e-m/fpu\libg_s.a
LOAD e:/freescale/kds_v3/toolchain/bin/../lib/gcc/arm-none-eabi/4.8.4/../../../../arm-none-eabi/lib/armv7e-m/fpu\libc_s.a
END GROUP
START GROUP
LOAD e:/freescale/kds_v3/toolchain/bin/../lib/gcc/arm-none-eabi/4.8.4/armv7e-m/fpu\libgcc.a
LOAD e:/freescale/kds_v3/toolchain/bin/../lib/gcc/arm-none-eabi/4.8.4/../../../../arm-none-eabi/lib/armv7e-m/fpu\libc_s.a
LOAD e:/freescale/kds_v3/toolchain/bin/../lib/gcc/arm-none-eabi/4.8.4/../../../../arm-none-eabi/lib/armv7e-m/fpu\libnosys.a
END GROUP
START GROUP
LOAD e:/freescale/kds_v3/toolchain/bin/../lib/gcc/arm-none-eabi/4.8.4/armv7e-m/fpu\libgcc.a
LOAD e:/freescale/kds_v3/toolchain/bin/../lib/gcc/arm-none-eabi/4.8.4/../../../../arm-none-eabi/lib/armv7e-m/fpu\libc_s.a
LOAD e:/freescale/kds_v3/toolchain/bin/../lib/gcc/arm-none-eabi/4.8.4/../../../../arm-none-eabi/lib/armv7e-m/fpu\libnosys.a
END GROUP
LOAD e:/freescale/kds_v3/toolchain/bin/../lib/gcc/arm-none-eabi/4.8.4/armv7e-m/fpu/crtend.o
LOAD e:/freescale/kds_v3/toolchain/bin/../lib/gcc/arm-none-eabi/4.8.4/armv7e-m/fpu/crtn.o
                0x20030000                _estack = 0x20030000
                0x20030000                __SP_INIT = _estack
                0x20030000                __stack = _estack
                0x00000000                __heap_size = 0x0
                0x00000400                __stack_size = 0x400

.interrupts     0x00000000      0x198
                0x00000000                __vector_table = .
                0x00000000                . = ALIGN (0x4)
 *(.vectortable)
 .vectortable   0x00000000      0x198 ./Static_Code/System/Vectors.o
                0x00000000                __vect_table
                0x00000198                . = ALIGN (0x4)

.cfmprotect     0x00000400       0x10
                0x00000400                . = ALIGN (0x4)
 *(.cfmconfig)
 .cfmconfig     0x00000400       0x10 ./Static_Code/System/CPU_Init.o
                0x00000400                _cfm
                0x00000410                . = ALIGN (0x4)

.text           0x00000410     0x24a8
                0x00000410                . = ALIGN (0x4)
 *(.text)
 .text          0x00000410       0x54 e:/freescale/kds_v3/toolchain/bin/../lib/gcc/arm-none-eabi/4.8.4/armv7e-m/fpu/crtbegin.o
 .text          0x00000464       0x74 e:/freescale/kds_v3/toolchain/bin/../lib/gcc/arm-none-eabi/4.8.4/../../../../arm-none-eabi/lib/armv7e-m/fpu/crt0.o
                0x00000464                _start
                0x00000464                _mainCRTStartup
 *(.text*)
 .text.dxl_hal_open
                0x000004d8       0x1c ./dxl_sdk/dxl_hal.o
                0x000004d8                dxl_hal_open
 .text.dxl_hal_clear
                0x000004f4       0x10 ./dxl_sdk/dxl_hal.o
                0x000004f4                dxl_hal_clear
 .text.dxl_hal_tx
                0x00000504       0x48 ./dxl_sdk/dxl_hal.o
                0x00000504                dxl_hal_tx
 .text.dxl_hal_rx
                0x0000054c       0x50 ./dxl_sdk/dxl_hal.o
                0x0000054c                dxl_hal_rx
 .text.dxl_hal_set_timeout
                0x0000059c       0x28 ./dxl_sdk/dxl_hal.o
                0x0000059c                dxl_hal_set_timeout
 .text.dxl_hal_timeout
                0x000005c4       0x2c ./dxl_sdk/dxl_hal.o
                0x000005c4                dxl_hal_timeout
 .text.dxl_initialize
                0x000005f0       0x58 ./dxl_sdk/dynamixel.o
                0x000005f0                dxl_initialize
 .text.dxl_tx_packet
                0x00000648      0x12c ./dxl_sdk/dynamixel.o
                0x00000648                dxl_tx_packet
 .text.dxl_rx_packet
                0x00000774      0x22c ./dxl_sdk/dynamixel.o
                0x00000774                dxl_rx_packet
 .text.dxl_txrx_packet
                0x000009a0       0x24 ./dxl_sdk/dynamixel.o
                0x000009a0                dxl_txrx_packet
 .text.dxl_set_txpacket_id
                0x000009c4       0x20 ./dxl_sdk/dynamixel.o
                0x000009c4                dxl_set_txpacket_id
 .text.dxl_set_txpacket_instruction
                0x000009e4       0x20 ./dxl_sdk/dynamixel.o
                0x000009e4                dxl_set_txpacket_instruction
 .text.dxl_set_txpacket_parameter
                0x00000a04       0x24 ./dxl_sdk/dynamixel.o
                0x00000a04                dxl_set_txpacket_parameter
 .text.dxl_set_txpacket_length
                0x00000a28       0x20 ./dxl_sdk/dynamixel.o
                0x00000a28                dxl_set_txpacket_length
 .text.dxl_read_byte
                0x00000a48       0x54 ./dxl_sdk/dynamixel.o
                0x00000a48                dxl_read_byte
 .text.CPU_SetBASEPRI
                0x00000a9c       0x18 ./Static_Code/System/CPU_Init.o
                0x00000a9c                CPU_SetBASEPRI
 .text.__init_hardware
                0x00000ab4       0x90 ./Static_Code/System/CPU_Init.o
                0x00000ab4                __init_hardware
 .text.PE_low_level_init
                0x00000b44       0x48 ./Static_Code/System/CPU_Init.o
                0x00000b44                PE_low_level_init
 .text.CPU_GetClockGenMode
                0x00000b8c       0x90 ./Static_Code/System/CPU_Init.o
                0x00000b8c                CPU_GetClockGenMode
 .text.CPU_SetClockConfigGenMode
                0x00000c1c      0x54c ./Static_Code/System/CPU_Init.o
                0x00000c1c                CPU_SetClockConfigGenMode
 .text.UnhandledInterrupt
                0x00001168       0x18 ./Static_Code/System/Vectors.o
                0x00001168                UnhandledInterrupt
 .text.Cpu_OnNMI
                0x00001180        0xc ./Sources/Events.o
                0x00001180                Cpu_OnNMI
 .text.AS1_OnError
                0x0000118c        0xc ./Sources/Events.o
                0x0000118c                AS1_OnError
 .text.AS1_OnRxChar
                0x00001198        0xc ./Sources/Events.o
                0x00001198                AS1_OnRxChar
 .text.AS1_OnTxChar
                0x000011a4        0xc ./Sources/Events.o
                0x000011a4                AS1_OnTxChar
 .text.AS1_OnFullRxBuf
                0x000011b0        0xc ./Sources/Events.o
                0x000011b0                AS1_OnFullRxBuf
 .text.AS1_OnFreeTxBuf
                0x000011bc        0xc ./Sources/Events.o
                0x000011bc                AS1_OnFreeTxBuf
 .text.TI1_OnInterrupt
                0x000011c8        0xc ./Sources/Events.o
                0x000011c8                TI1_OnInterrupt
 .text.AS1_OnTxComplete
                0x000011d4       0x18 ./Sources/Events.o
                0x000011d4                AS1_OnTxComplete
 .text.main     0x000011ec       0x80 ./Sources/main.o
                0x000011ec                main
 .text.__copy_rom_section
                0x0000126c       0xe4 ./Project_Settings/Startup_Code/startup.o
                0x0000126c                __copy_rom_section
 .text.__copy_rom_sections_to_ram
                0x00001350       0x9c ./Project_Settings/Startup_Code/startup.o
                0x00001350                __copy_rom_sections_to_ram
 .text.__init_registers
                0x000013ec       0x20 ./Project_Settings/Startup_Code/startup.o
                0x000013ec                __init_registers
 .text.__init_user
                0x0000140c        0xc ./Project_Settings/Startup_Code/startup.o
                0x0000140c                __init_user
 .text.__thumb_startup
                0x00001418       0x34 ./Project_Settings/Startup_Code/startup.o
                0x00001418                __thumb_startup
 .text.HWEnDi   0x0000144c       0x1c ./Generated_Code/AS1.o
 .text.AS1_RecvChar
                0x00001468       0xd8 ./Generated_Code/AS1.o
                0x00001468                AS1_RecvChar
 .text.AS1_RecvBlock
                0x00001540       0x5c ./Generated_Code/AS1.o
                0x00001540                AS1_RecvBlock
 .text.AS1_SendBlock
                0x0000159c      0x13c ./Generated_Code/AS1.o
                0x0000159c                AS1_SendBlock
 .text.AS1_ClearRxBuf
                0x000016d8       0x78 ./Generated_Code/AS1.o
                0x000016d8                AS1_ClearRxBuf
 .text.AS1_ClearTxBuf
                0x00001750       0x78 ./Generated_Code/AS1.o
                0x00001750                AS1_ClearTxBuf
 .text.AS1_Init
                0x000017c8       0x60 ./Generated_Code/AS1.o
                0x000017c8                AS1_Init
 .text.ASerialLdd1_OnBlockReceived
                0x00001828       0xc4 ./Generated_Code/AS1.o
                0x00001828                ASerialLdd1_OnBlockReceived
 .text.ASerialLdd1_OnBlockSent
                0x000018ec       0xd0 ./Generated_Code/AS1.o
                0x000018ec                ASerialLdd1_OnBlockSent
 .text.ASerialLdd1_OnError
                0x000019bc       0x9c ./Generated_Code/AS1.o
                0x000019bc                ASerialLdd1_OnError
 .text.ASerialLdd1_OnTxComplete
                0x00001a58       0x14 ./Generated_Code/AS1.o
                0x00001a58                ASerialLdd1_OnTxComplete
 .text.ASerialLdd1_OnBreak
                0x00001a6c       0x24 ./Generated_Code/AS1.o
                0x00001a6c                ASerialLdd1_OnBreak
 .text.ASerialLdd1_Init
                0x00001a90      0x1d8 ./Generated_Code/ASerialLdd1.o
                0x00001a90                ASerialLdd1_Init
 .text.ASerialLdd1_ReceiveBlock
                0x00001c68       0x90 ./Generated_Code/ASerialLdd1.o
                0x00001c68                ASerialLdd1_ReceiveBlock
 .text.ASerialLdd1_SendBlock
                0x00001cf8       0xbc ./Generated_Code/ASerialLdd1.o
                0x00001cf8                ASerialLdd1_SendBlock
 .text.InterruptRx
                0x00001db4       0x58 ./Generated_Code/ASerialLdd1.o
 .text.InterruptTx
                0x00001e0c       0x9c ./Generated_Code/ASerialLdd1.o
 .text.ASerialLdd1_Interrupt
                0x00001ea8      0x130 ./Generated_Code/ASerialLdd1.o
                0x00001ea8                ASerialLdd1_Interrupt
 .text.ASerialLdd1_GetError
                0x00001fd8       0x70 ./Generated_Code/ASerialLdd1.o
                0x00001fd8                ASerialLdd1_GetError
 .text.BitIoLdd1_Init
                0x00002048       0x80 ./Generated_Code/BitIoLdd1.o
                0x00002048                BitIoLdd1_Init
 .text.BitIoLdd1_SetVal
                0x000020c8       0x20 ./Generated_Code/BitIoLdd1.o
                0x000020c8                BitIoLdd1_SetVal
 .text.BitIoLdd2_Init
                0x000020e8       0x80 ./Generated_Code/BitIoLdd2.o
                0x000020e8                BitIoLdd2_Init
 .text.BitIoLdd2_ClrVal
                0x00002168       0x20 ./Generated_Code/BitIoLdd2.o
                0x00002168                BitIoLdd2_ClrVal
 .text.BitIoLdd2_SetVal
                0x00002188       0x20 ./Generated_Code/BitIoLdd2.o
                0x00002188                BitIoLdd2_SetVal
 .text.BitIoLdd3_Init
                0x000021a8       0x80 ./Generated_Code/BitIoLdd3.o
                0x000021a8                BitIoLdd3_Init
 .text.BitIoLdd3_ClrVal
                0x00002228       0x20 ./Generated_Code/BitIoLdd3.o
                0x00002228                BitIoLdd3_ClrVal
 .text.BitIoLdd3_SetVal
                0x00002248       0x20 ./Generated_Code/BitIoLdd3.o
                0x00002248                BitIoLdd3_SetVal
 .text.Common_Init
                0x00002268       0xb0 ./Generated_Code/Cpu.o
                0x00002268                Common_Init
 .text.Components_Init
                0x00002318       0x28 ./Generated_Code/Cpu.o
                0x00002318                Components_Init
 .text.Cpu_INT_NMIInterrupt
                0x00002340       0x1c ./Generated_Code/Cpu.o
                0x00002340                Cpu_INT_NMIInterrupt
 .text.TimerIntLdd1_OnInterrupt
                0x0000235c       0x14 ./Generated_Code/TI1.o
                0x0000235c                TimerIntLdd1_OnInterrupt
 .text.TMOUT1_GetCounter
                0x00002370       0x74 ./Generated_Code/TMOUT1.o
                0x00002370                TMOUT1_GetCounter
 .text.TMOUT1_LeaveCounter
                0x000023e4       0x44 ./Generated_Code/TMOUT1.o
                0x000023e4                TMOUT1_LeaveCounter
 .text.TMOUT1_CounterExpired
                0x00002428       0x48 ./Generated_Code/TMOUT1.o
                0x00002428                TMOUT1_CounterExpired
 .text.TMOUT1_AddTick
                0x00002470       0x50 ./Generated_Code/TMOUT1.o
                0x00002470                TMOUT1_AddTick
 .text.TMOUT1_Init
                0x000024c0       0x3c ./Generated_Code/TMOUT1.o
                0x000024c0                TMOUT1_Init
 .text.TU1_Init
                0x000024fc       0x9c ./Generated_Code/TU1.o
                0x000024fc                TU1_Init
 .text.TU1_Interrupt
                0x00002598       0x40 ./Generated_Code/TU1.o
                0x00002598                TU1_Interrupt
 .text.TimerIntLdd1_Init
                0x000025d8       0x50 ./Generated_Code/TimerIntLdd1.o
                0x000025d8                TimerIntLdd1_Init
 .text.TU1_OnCounterRestart
                0x00002628       0x24 ./Generated_Code/TimerIntLdd1.o
                0x00002628                TU1_OnCounterRestart
 .text.WAIT1_Wait10Cycles
                0x0000264c        0x8 ./Generated_Code/WAIT1.o
                0x0000264c                WAIT1_Wait10Cycles
 .text.WAIT1_Wait100Cycles
                0x00002654       0x28 ./Generated_Code/WAIT1.o
                0x00002654                WAIT1_Wait100Cycles
 .text.WAIT1_WaitCycles
                0x0000267c       0x34 ./Generated_Code/WAIT1.o
                0x0000267c                WAIT1_WaitCycles
 .text.WAIT1_WaitLongCycles
                0x000026b0       0x38 ./Generated_Code/WAIT1.o
                0x000026b0                WAIT1_WaitLongCycles
 .text.WAIT1_Waitms
                0x000026e8       0x2c ./Generated_Code/WAIT1.o
                0x000026e8                WAIT1_Waitms
 .text.exit     0x00002714       0x28 e:/freescale/kds_v3/toolchain/bin/../lib/gcc/arm-none-eabi/4.8.4/../../../../arm-none-eabi/lib/armv7e-m/fpu\libg_s.a(lib_a-exit.o)
                0x00002714                exit
 .text.__libc_init_array
                0x0000273c       0x4c e:/freescale/kds_v3/toolchain/bin/../lib/gcc/arm-none-eabi/4.8.4/../../../../arm-none-eabi/lib/armv7e-m/fpu\libg_s.a(lib_a-init.o)
                0x0000273c                __libc_init_array
 .text.memset   0x00002788       0x10 e:/freescale/kds_v3/toolchain/bin/../lib/gcc/arm-none-eabi/4.8.4/../../../../arm-none-eabi/lib/armv7e-m/fpu\libg_s.a(lib_a-memset.o)
                0x00002788                memset
 .text._exit    0x00002798        0x4 e:/freescale/kds_v3/toolchain/bin/../lib/gcc/arm-none-eabi/4.8.4/../../../../arm-none-eabi/lib/armv7e-m/fpu\libnosys.a(_exit.o)
                0x00002798                _exit
 *(.rodata)
 *(.rodata*)
 .rodata.ClockGenModeMatrix
                0x0000279c       0x80 ./Static_Code/System/CPU_Init.o
 .rodata.CPU_ClockConfigDescriptors
                0x0000281c       0x1c ./Static_Code/System/CPU_Init.o
 .rodata.CPU_DefaultFEI
                0x00002838        0x8 ./Static_Code/System/CPU_Init.o
 .rodata.CPU_DefaultFBI
                0x00002840        0x8 ./Static_Code/System/CPU_Init.o
 .rodata.CPU_DefaultBLPI
                0x00002848        0x8 ./Static_Code/System/CPU_Init.o
 .rodata.CPU_DefaultFEE
                0x00002850        0x8 ./Static_Code/System/CPU_Init.o
 .rodata.CPU_DefaultFBE
                0x00002858        0x8 ./Static_Code/System/CPU_Init.o
 .rodata.CPU_DefaultBLPE
                0x00002860        0x8 ./Static_Code/System/CPU_Init.o
 .rodata.CPU_DefaultPBE
                0x00002868        0x8 ./Static_Code/System/CPU_Init.o
 .rodata.CPU_DefaultPEE
                0x00002870        0x8 ./Static_Code/System/CPU_Init.o
 .rodata.CPU_ClockGenModeRegs
                0x00002878       0x20 ./Static_Code/System/CPU_Init.o
 .rodata.str1.1
                0x00002898        0x2 e:/freescale/kds_v3/toolchain/bin/../lib/gcc/arm-none-eabi/4.8.4/../../../../arm-none-eabi/lib/armv7e-m/fpu\libg_s.a(lib_a-impure.o)
 *fill*         0x0000289a        0x2 
 .rodata._global_impure_ptr
                0x0000289c        0x4 e:/freescale/kds_v3/toolchain/bin/../lib/gcc/arm-none-eabi/4.8.4/../../../../arm-none-eabi/lib/armv7e-m/fpu\libg_s.a(lib_a-impure.o)
                0x0000289c                _global_impure_ptr
 *(.glue_7)
 .glue_7        0x00000000        0x0 linker stubs
 *(.glue_7t)
 .glue_7t       0x00000000        0x0 linker stubs
 *(.eh_frame)
 .eh_frame      0x000028a0        0x0 e:/freescale/kds_v3/toolchain/bin/../lib/gcc/arm-none-eabi/4.8.4/armv7e-m/fpu/crtbegin.o
 *(.init)
 .init          0x000028a0        0x4 e:/freescale/kds_v3/toolchain/bin/../lib/gcc/arm-none-eabi/4.8.4/armv7e-m/fpu/crti.o
                0x000028a0                _init
 .init          0x000028a4        0x8 e:/freescale/kds_v3/toolchain/bin/../lib/gcc/arm-none-eabi/4.8.4/armv7e-m/fpu/crtn.o
 *(.fini)
 .fini          0x000028ac        0x4 e:/freescale/kds_v3/toolchain/bin/../lib/gcc/arm-none-eabi/4.8.4/armv7e-m/fpu/crti.o
                0x000028ac                _fini
 .fini          0x000028b0        0x8 e:/freescale/kds_v3/toolchain/bin/../lib/gcc/arm-none-eabi/4.8.4/armv7e-m/fpu/crtn.o
                0x000028b8                . = ALIGN (0x4)
                0x000028b8                _etext = .

.vfp11_veneer   0x000028b8        0x0
 .vfp11_veneer  0x00000000        0x0 linker stubs

.v4_bx          0x000028b8        0x0
 .v4_bx         0x00000000        0x0 linker stubs

.iplt           0x000028b8        0x0
 .iplt          0x00000000        0x0 e:/freescale/kds_v3/toolchain/bin/../lib/gcc/arm-none-eabi/4.8.4/armv7e-m/fpu/crtbegin.o

.ARM.extab
 *(.ARM.extab* .gnu.linkonce.armextab.*)

.ARM            0x000028b8        0x8
                0x000028b8                __exidx_start = .
 *(.ARM.exidx*)
 .ARM.exidx     0x000028b8        0x8 e:/freescale/kds_v3/toolchain/bin/../lib/gcc/arm-none-eabi/4.8.4/../../../../arm-none-eabi/lib/armv7e-m/fpu/crt0.o
                0x000028c0                __exidx_end = .

.rel.dyn        0x000028c0        0x0
 .rel.iplt      0x00000000        0x0 e:/freescale/kds_v3/toolchain/bin/../lib/gcc/arm-none-eabi/4.8.4/armv7e-m/fpu/crtbegin.o

.ctors          0x000028c0        0x0
                0x000028c0                __CTOR_LIST__ = .
 *crtbegin.o(.ctors)
 *(EXCLUDE_FILE(*crtend.o) .ctors)
 *(SORT(.ctors.*))
 *(.ctors)
                0x000028c0                __CTOR_END__ = .

.dtors          0x000028c0        0x0
                0x000028c0                __DTOR_LIST__ = .
 *crtbegin.o(.dtors)
 *(EXCLUDE_FILE(*crtend.o) .dtors)
 *(SORT(.dtors.*))
 *(.dtors)
                0x000028c0                __DTOR_END__ = .

.preinit_array  0x000028c0        0x0
                0x000028c0                PROVIDE (__preinit_array_start, .)
 *(.preinit_array*)
                0x000028c0                PROVIDE (__preinit_array_end, .)

.init_array     0x000028c0        0x4
                0x000028c0                PROVIDE (__init_array_start, .)
 *(SORT(.init_array.*))
 *(.init_array*)
 .init_array    0x000028c0        0x4 e:/freescale/kds_v3/toolchain/bin/../lib/gcc/arm-none-eabi/4.8.4/armv7e-m/fpu/crtbegin.o
                0x000028c4                PROVIDE (__init_array_end, .)

.fini_array     0x000028c4        0x4
                0x000028c4                PROVIDE (__fini_array_start, .)
 *(SORT(.fini_array.*))
 *(.fini_array*)
 .fini_array    0x000028c4        0x4 e:/freescale/kds_v3/toolchain/bin/../lib/gcc/arm-none-eabi/4.8.4/armv7e-m/fpu/crtbegin.o
                0x000028c8                PROVIDE (__fini_array_end, .)
                0x000028c8                ___ROM_AT = .

.data           0x20000000       0x64 load address 0x000028c8
                0x20000000                . = ALIGN (0x4)
                0x20000000                _sdata = .
 *(.data)
 *(.data*)
 .data.gbCommStatus
                0x20000000        0x4 ./dxl_sdk/dynamixel.o
                0x20000000                gbCommStatus
 .data.impure_data
                0x20000004       0x60 e:/freescale/kds_v3/toolchain/bin/../lib/gcc/arm-none-eabi/4.8.4/../../../../arm-none-eabi/lib/armv7e-m/fpu\libg_s.a(lib_a-impure.o)
                0x20000064                . = ALIGN (0x4)
                0x20000064                _edata = .
                0x00000064                ___data_size = (_edata - _sdata)
                0x0000292c                ___m_data_1FFF0000_ROMStart = (___ROM_AT + SIZEOF (.data))

.jcr            0x20000064        0x0 load address 0x0000292c
 .jcr           0x20000064        0x0 e:/freescale/kds_v3/toolchain/bin/../lib/gcc/arm-none-eabi/4.8.4/armv7e-m/fpu/crtbegin.o

.igot.plt       0x20000064        0x0 load address 0x0000292c
 .igot.plt      0x00000000        0x0 e:/freescale/kds_v3/toolchain/bin/../lib/gcc/arm-none-eabi/4.8.4/armv7e-m/fpu/crtbegin.o

.m_data_1FFF0000
                0x1fff0000        0x0 load address 0x0000292c
                0x1fff0000                . = ALIGN (0x4)
                0x1fff0000                ___m_data_1FFF0000_RAMStart = .
 *(.m_data_1FFF0000)
                0x1fff0000                ___m_data_1FFF0000_RAMEnd = .
                0x1fff0000                . = ALIGN (0x4)
                0x00000000                ___m_data_1FFF0000_ROMSize = (___m_data_1FFF0000_RAMEnd - ___m_data_1FFF0000_RAMStart)
                0x1fff0000                . = ALIGN (0x4)

.bss            0x20000064      0x1c4 load address 0x0000292c
                0x20000064                __START_BSS = .
                0x20000064                PROVIDE (__bss_start__, __START_BSS)
 *(.bss)
 .bss           0x20000064       0x1c e:/freescale/kds_v3/toolchain/bin/../lib/gcc/arm-none-eabi/4.8.4/armv7e-m/fpu/crtbegin.o
 *(.bss*)
 .bss.tmch      0x20000080        0x1 ./dxl_sdk/dxl_hal.o
 *fill*         0x20000081        0x3 
 .bss.gbInstructionPacket
                0x20000084       0xa0 ./dxl_sdk/dynamixel.o
                0x20000084                gbInstructionPacket
 .bss.gbStatusPacket
                0x20000124       0x48 ./dxl_sdk/dynamixel.o
                0x20000124                gbStatusPacket
 .bss.gbRxPacketLength
                0x2000016c        0x1 ./dxl_sdk/dynamixel.o
                0x2000016c                gbRxPacketLength
 .bss.gbRxGetLength
                0x2000016d        0x1 ./dxl_sdk/dynamixel.o
                0x2000016d                gbRxGetLength
 *fill*         0x2000016e        0x2 
 .bss.giBusUsing
                0x20000170        0x4 ./dxl_sdk/dynamixel.o
                0x20000170                giBusUsing
 .bss.SR_lock   0x20000174        0x1 ./Static_Code/System/CPU_Init.o
                0x20000174                SR_lock
 .bss.TXComplete
                0x20000175        0x1 ./Sources/Events.o
                0x20000175                TXComplete
 .bss.SerFlag   0x20000176        0x2 ./Generated_Code/AS1.o
 .bss.AS1_InpLen
                0x20000178        0x2 ./Generated_Code/AS1.o
 .bss.InpIndexR
                0x2000017a        0x2 ./Generated_Code/AS1.o
 .bss.InpIndexW
                0x2000017c        0x2 ./Generated_Code/AS1.o
 *fill*         0x2000017e        0x2 
 .bss.InpBuffer
                0x20000180       0x14 ./Generated_Code/AS1.o
 .bss.BufferRead
                0x20000194        0x1 ./Generated_Code/AS1.o
 *fill*         0x20000195        0x1 
 .bss.AS1_OutLen
                0x20000196        0x2 ./Generated_Code/AS1.o
 .bss.OutIndexR
                0x20000198        0x2 ./Generated_Code/AS1.o
 .bss.OutIndexW
                0x2000019a        0x2 ./Generated_Code/AS1.o
 .bss.OutBuffer
                0x2000019c       0x14 ./Generated_Code/AS1.o
 .bss.OnFreeTxBufSemaphore
                0x200001b0        0x1 ./Generated_Code/AS1.o
 *fill*         0x200001b1        0x3 
 .bss.DeviceDataPrv__DEFAULT_RTOS_ALLOC
                0x200001b4       0x20 ./Generated_Code/ASerialLdd1.o
 .bss.INT_UART1_RX_TX__DEFAULT_RTOS_ISRPARAM
                0x200001d4        0x4 ./Generated_Code/ASerialLdd1.o
 .bss.INT_UART1_ERR__DEFAULT_RTOS_ISRPARAM
                0x200001d8        0x4 ./Generated_Code/ASerialLdd1.o
 .bss.DeviceDataPrv__DEFAULT_RTOS_ALLOC
                0x200001dc        0x4 ./Generated_Code/BitIoLdd1.o
 .bss.DeviceDataPrv__DEFAULT_RTOS_ALLOC
                0x200001e0        0x4 ./Generated_Code/BitIoLdd2.o
 .bss.DeviceDataPrv__DEFAULT_RTOS_ALLOC
                0x200001e4        0x4 ./Generated_Code/BitIoLdd3.o
 .bss.PE_LDD_DeviceDataList
                0x200001e8       0x18 ./Generated_Code/PE_LDD.o
                0x200001e8                PE_LDD_DeviceDataList
 .bss.TMOUT1_Counters
                0x20000200        0x4 ./Generated_Code/TMOUT1.o
 .bss.TMOUT1_FreeCounters
                0x20000204        0x4 ./Generated_Code/TMOUT1.o
 .bss.DeviceDataPrv__DEFAULT_RTOS_ALLOC
                0x20000208        0x8 ./Generated_Code/TU1.o
 .bss.INT_SysTick__DEFAULT_RTOS_ISRPARAM
                0x20000210        0x4 ./Generated_Code/TU1.o
 .bss.DeviceDataPrv__DEFAULT_RTOS_ALLOC
                0x20000214        0xc ./Generated_Code/TimerIntLdd1.o
 *(COMMON)
 COMMON         0x20000220        0x1 ./Static_Code/System/CPU_Init.o
                0x20000220                SR_reg
 *fill*         0x20000221        0x3 
 COMMON         0x20000224        0x4 ./Generated_Code/AS1.o
                0x20000224                ASerialLdd1_DeviceDataPtr
                0x20000228                . = ALIGN (0x4)
                0x20000228                __END_BSS = .
                0x20000228                PROVIDE (__bss_end__, __END_BSS)
                0x0000292c                _romp_at = ((___ROM_AT + SIZEOF (.data)) + SIZEOF (.m_data_1FFF0000))

.romp           0x20000228       0x24 load address 0x0000292c
                0x0000292c                __S_romp = _romp_at
                0x20000228        0x4 LONG 0x28c8 ___ROM_AT
                0x2000022c        0x4 LONG 0x20000000 _sdata
                0x20000230        0x4 LONG 0x64 ___data_size
                0x20000234        0x4 LONG 0x292c ___m_data_1FFF0000_ROMStart
                0x20000238        0x4 LONG 0x1fff0000 ___m_data_1FFF0000_RAMStart
                0x2000023c        0x4 LONG 0x0 ___m_data_1FFF0000_ROMSize
                0x20000240        0x4 LONG 0x0
                0x20000244        0x4 LONG 0x0
                0x20000248        0x4 LONG 0x0
                0x00100000                text_end = (ORIGIN (m_text) + 0xffbf0)
                0x00002950                data_init_end = ((___m_data_1FFF0000_ROMStart + SIZEOF (.m_data_1FFF0000)) + SIZEOF (.romp))
                0x00000001                ASSERT ((data_init_end <= text_end), region m_text overflowed with text and data)

._user_heap_stack
                0x2000024c      0x400 load address 0x00002950
                0x2000024c                . = ALIGN (0x4)
                0x2000024c                PROVIDE (end, .)
                0x2000024c                PROVIDE (_end, .)
                0x2000024c                PROVIDE (__end__, .)
                0x2000024c                __heap_addr = .
                0x2000024c                __HeapBase = .
                0x2000024c                . = (. + __heap_size)
                0x2000024c                __HeapLimit = .
                0x2000064c                . = (. + __stack_size)
 *fill*         0x2000024c      0x400 
                0x2000064c                . = ALIGN (0x4)

.ARM.attributes
                0x00000000       0x30
 *(.ARM.attributes)
 .ARM.attributes
                0x00000000       0x22 e:/freescale/kds_v3/toolchain/bin/../lib/gcc/arm-none-eabi/4.8.4/armv7e-m/fpu/crti.o
 .ARM.attributes
                0x00000022       0x34 e:/freescale/kds_v3/toolchain/bin/../lib/gcc/arm-none-eabi/4.8.4/armv7e-m/fpu/crtbegin.o
 .ARM.attributes
                0x00000056       0x20 e:/freescale/kds_v3/toolchain/bin/../lib/gcc/arm-none-eabi/4.8.4/../../../../arm-none-eabi/lib/armv7e-m/fpu/crt0.o
 .ARM.attributes
                0x00000076       0x39 ./dxl_sdk/dxl_hal.o
 .ARM.attributes
                0x000000af       0x39 ./dxl_sdk/dynamixel.o
 .ARM.attributes
                0x000000e8       0x39 ./Static_Code/System/CPU_Init.o
 .ARM.attributes
                0x00000121       0x39 ./Static_Code/System/Vectors.o
 .ARM.attributes
                0x0000015a       0x39 ./Sources/Events.o
 .ARM.attributes
                0x00000193       0x39 ./Sources/main.o
 .ARM.attributes
                0x000001cc       0x39 ./Project_Settings/Startup_Code/startup.o
 .ARM.attributes
                0x00000205       0x39 ./Generated_Code/AS1.o
 .ARM.attributes
                0x0000023e       0x39 ./Generated_Code/ASerialLdd1.o
 .ARM.attributes
                0x00000277       0x39 ./Generated_Code/BitIoLdd1.o
 .ARM.attributes
                0x000002b0       0x39 ./Generated_Code/BitIoLdd2.o
 .ARM.attributes
                0x000002e9       0x39 ./Generated_Code/BitIoLdd3.o
 .ARM.attributes
                0x00000322       0x39 ./Generated_Code/Cpu.o
 .ARM.attributes
                0x0000035b       0x39 ./Generated_Code/PE_LDD.o
 .ARM.attributes
                0x00000394       0x39 ./Generated_Code/TI1.o
 .ARM.attributes
                0x000003cd       0x39 ./Generated_Code/TMOUT1.o
 .ARM.attributes
                0x00000406       0x39 ./Generated_Code/TU1.o
 .ARM.attributes
                0x0000043f       0x39 ./Generated_Code/TimerIntLdd1.o
 .ARM.attributes
                0x00000478       0x39 ./Generated_Code/WAIT1.o
 .ARM.attributes
                0x000004b1       0x34 e:/freescale/kds_v3/toolchain/bin/../lib/gcc/arm-none-eabi/4.8.4/../../../../arm-none-eabi/lib/armv7e-m/fpu\libg_s.a(lib_a-exit.o)
 .ARM.attributes
                0x000004e5       0x34 e:/freescale/kds_v3/toolchain/bin/../lib/gcc/arm-none-eabi/4.8.4/../../../../arm-none-eabi/lib/armv7e-m/fpu\libg_s.a(lib_a-impure.o)
 .ARM.attributes
                0x00000519       0x34 e:/freescale/kds_v3/toolchain/bin/../lib/gcc/arm-none-eabi/4.8.4/../../../../arm-none-eabi/lib/armv7e-m/fpu\libg_s.a(lib_a-init.o)
 .ARM.attributes
                0x0000054d       0x34 e:/freescale/kds_v3/toolchain/bin/../lib/gcc/arm-none-eabi/4.8.4/../../../../arm-none-eabi/lib/armv7e-m/fpu\libg_s.a(lib_a-memset.o)
 .ARM.attributes
                0x00000581       0x34 e:/freescale/kds_v3/toolchain/bin/../lib/gcc/arm-none-eabi/4.8.4/../../../../arm-none-eabi/lib/armv7e-m/fpu\libnosys.a(_exit.o)
 .ARM.attributes
                0x000005b5       0x22 e:/freescale/kds_v3/toolchain/bin/../lib/gcc/arm-none-eabi/4.8.4/armv7e-m/fpu/crtn.o
OUTPUT(motorTest.elf elf32-littlearm)

.debug_info     0x00000000     0x4d09
 .debug_info    0x00000000      0x223 ./dxl_sdk/dxl_hal.o
 .debug_info    0x00000223      0x4b7 ./dxl_sdk/dynamixel.o
 .debug_info    0x000006da      0xa9b ./Static_Code/System/CPU_Init.o
 .debug_info    0x00001175      0x826 ./Static_Code/System/Vectors.o
 .debug_info    0x0000199b      0x134 ./Sources/Events.o
 .debug_info    0x00001acf       0xf4 ./Sources/main.o
 .debug_info    0x00001bc3      0x3b0 ./Project_Settings/Startup_Code/startup.o
 .debug_info    0x00001f73      0x52f ./Generated_Code/AS1.o
 .debug_info    0x000024a2      0x9dc ./Generated_Code/ASerialLdd1.o
 .debug_info    0x00002e7e      0x511 ./Generated_Code/BitIoLdd1.o
 .debug_info    0x0000338f      0x511 ./Generated_Code/BitIoLdd2.o
 .debug_info    0x000038a0      0x511 ./Generated_Code/BitIoLdd3.o
 .debug_info    0x00003db1      0x36e ./Generated_Code/Cpu.o
 .debug_info    0x0000411f      0x251 ./Generated_Code/PE_LDD.o
 .debug_info    0x00004370       0xb2 ./Generated_Code/TI1.o
 .debug_info    0x00004422      0x2bb ./Generated_Code/TMOUT1.o
 .debug_info    0x000046dd      0x36d ./Generated_Code/TU1.o
 .debug_info    0x00004a4a      0x177 ./Generated_Code/TimerIntLdd1.o
 .debug_info    0x00004bc1      0x148 ./Generated_Code/WAIT1.o

.debug_abbrev   0x00000000     0x1603
 .debug_abbrev  0x00000000      0x11a ./dxl_sdk/dxl_hal.o
 .debug_abbrev  0x0000011a      0x1a9 ./dxl_sdk/dynamixel.o
 .debug_abbrev  0x000002c3      0x1bf ./Static_Code/System/CPU_Init.o
 .debug_abbrev  0x00000482       0xd8 ./Static_Code/System/Vectors.o
 .debug_abbrev  0x0000055a       0x7b ./Sources/Events.o
 .debug_abbrev  0x000005d5       0x98 ./Sources/main.o
 .debug_abbrev  0x0000066d      0x189 ./Project_Settings/Startup_Code/startup.o
 .debug_abbrev  0x000007f6      0x1d6 ./Generated_Code/AS1.o
 .debug_abbrev  0x000009cc      0x1db ./Generated_Code/ASerialLdd1.o
 .debug_abbrev  0x00000ba7      0x15d ./Generated_Code/BitIoLdd1.o
 .debug_abbrev  0x00000d04      0x15d ./Generated_Code/BitIoLdd2.o
 .debug_abbrev  0x00000e61      0x15d ./Generated_Code/BitIoLdd3.o
 .debug_abbrev  0x00000fbe       0xed ./Generated_Code/Cpu.o
 .debug_abbrev  0x000010ab      0x10d ./Generated_Code/PE_LDD.o
 .debug_abbrev  0x000011b8       0x68 ./Generated_Code/TI1.o
 .debug_abbrev  0x00001220       0xf8 ./Generated_Code/TMOUT1.o
 .debug_abbrev  0x00001318      0x15d ./Generated_Code/TU1.o
 .debug_abbrev  0x00001475       0xdd ./Generated_Code/TimerIntLdd1.o
 .debug_abbrev  0x00001552       0xb1 ./Generated_Code/WAIT1.o

.debug_aranges  0x00000000      0x858
 .debug_aranges
                0x00000000       0x50 ./dxl_sdk/dxl_hal.o
 .debug_aranges
                0x00000050       0xc0 ./dxl_sdk/dynamixel.o
 .debug_aranges
                0x00000110       0x40 ./Static_Code/System/CPU_Init.o
 .debug_aranges
                0x00000150      0x340 ./Static_Code/System/Vectors.o
 .debug_aranges
                0x00000490       0x58 ./Sources/Events.o
 .debug_aranges
                0x000004e8       0x20 ./Sources/main.o
 .debug_aranges
                0x00000508       0x50 ./Project_Settings/Startup_Code/startup.o
 .debug_aranges
                0x00000558       0x90 ./Generated_Code/AS1.o
 .debug_aranges
                0x000005e8       0x50 ./Generated_Code/ASerialLdd1.o
 .debug_aranges
                0x00000638       0x40 ./Generated_Code/BitIoLdd1.o
 .debug_aranges
                0x00000678       0x40 ./Generated_Code/BitIoLdd2.o
 .debug_aranges
                0x000006b8       0x40 ./Generated_Code/BitIoLdd3.o
 .debug_aranges
                0x000006f8       0x30 ./Generated_Code/Cpu.o
 .debug_aranges
                0x00000728       0x30 ./Generated_Code/PE_LDD.o
 .debug_aranges
                0x00000758       0x20 ./Generated_Code/TI1.o
 .debug_aranges
                0x00000778       0x50 ./Generated_Code/TMOUT1.o
 .debug_aranges
                0x000007c8       0x28 ./Generated_Code/TU1.o
 .debug_aranges
                0x000007f0       0x28 ./Generated_Code/TimerIntLdd1.o
 .debug_aranges
                0x00000818       0x40 ./Generated_Code/WAIT1.o

.debug_ranges   0x00000000      0x728
 .debug_ranges  0x00000000       0x40 ./dxl_sdk/dxl_hal.o
 .debug_ranges  0x00000040       0xb0 ./dxl_sdk/dynamixel.o
 .debug_ranges  0x000000f0       0x30 ./Static_Code/System/CPU_Init.o
 .debug_ranges  0x00000120      0x330 ./Static_Code/System/Vectors.o
 .debug_ranges  0x00000450       0x48 ./Sources/Events.o
 .debug_ranges  0x00000498       0x10 ./Sources/main.o
 .debug_ranges  0x000004a8       0x40 ./Project_Settings/Startup_Code/startup.o
 .debug_ranges  0x000004e8       0x80 ./Generated_Code/AS1.o
 .debug_ranges  0x00000568       0x40 ./Generated_Code/ASerialLdd1.o
 .debug_ranges  0x000005a8       0x30 ./Generated_Code/BitIoLdd1.o
 .debug_ranges  0x000005d8       0x30 ./Generated_Code/BitIoLdd2.o
 .debug_ranges  0x00000608       0x30 ./Generated_Code/BitIoLdd3.o
 .debug_ranges  0x00000638       0x20 ./Generated_Code/Cpu.o
 .debug_ranges  0x00000658       0x20 ./Generated_Code/PE_LDD.o
 .debug_ranges  0x00000678       0x10 ./Generated_Code/TI1.o
 .debug_ranges  0x00000688       0x40 ./Generated_Code/TMOUT1.o
 .debug_ranges  0x000006c8       0x18 ./Generated_Code/TU1.o
 .debug_ranges  0x000006e0       0x18 ./Generated_Code/TimerIntLdd1.o
 .debug_ranges  0x000006f8       0x30 ./Generated_Code/WAIT1.o

.debug_macro    0x00000000    0x30998
 .debug_macro   0x00000000      0x1c4 ./dxl_sdk/dxl_hal.o
 .debug_macro   0x000001c4      0x850 ./dxl_sdk/dxl_hal.o
 .debug_macro   0x00000a14       0x64 ./dxl_sdk/dxl_hal.o
 .debug_macro   0x00000a78       0x16 ./dxl_sdk/dxl_hal.o
 .debug_macro   0x00000a8e       0x44 ./dxl_sdk/dxl_hal.o
 .debug_macro   0x00000ad2      0x209 ./dxl_sdk/dxl_hal.o
 .debug_macro   0x00000cdb     0x1798 ./dxl_sdk/dxl_hal.o
 .debug_macro   0x00002473      0x14e ./dxl_sdk/dxl_hal.o
 .debug_macro   0x000025c1       0x6a ./dxl_sdk/dxl_hal.o
 .debug_macro   0x0000262b    0x110ae ./dxl_sdk/dxl_hal.o
 .debug_macro   0x000136d9       0x58 ./dxl_sdk/dxl_hal.o
 .debug_macro   0x00013731       0x35 ./dxl_sdk/dxl_hal.o
 .debug_macro   0x00013766       0xa3 ./dxl_sdk/dxl_hal.o
 .debug_macro   0x00013809       0x16 ./dxl_sdk/dxl_hal.o
 .debug_macro   0x0001381f      0x4b1 ./dxl_sdk/dxl_hal.o
 .debug_macro   0x00013cd0       0x1c ./dxl_sdk/dxl_hal.o
 .debug_macro   0x00013cec       0x29 ./dxl_sdk/dxl_hal.o
 .debug_macro   0x00013d15       0x1c ./dxl_sdk/dxl_hal.o
 .debug_macro   0x00013d31       0x37 ./dxl_sdk/dxl_hal.o
 .debug_macro   0x00013d68       0x6c ./dxl_sdk/dxl_hal.o
 .debug_macro   0x00013dd4       0x20 ./dxl_sdk/dxl_hal.o
 .debug_macro   0x00013df4       0x94 ./dxl_sdk/dxl_hal.o
 .debug_macro   0x00013e88      0x12c ./dxl_sdk/dxl_hal.o
 .debug_macro   0x00013fb4       0x40 ./dxl_sdk/dxl_hal.o
 .debug_macro   0x00013ff4       0x1f ./dxl_sdk/dxl_hal.o
 .debug_macro   0x00014013       0x46 ./dxl_sdk/dxl_hal.o
 .debug_macro   0x00014059       0x1f ./dxl_sdk/dxl_hal.o
 .debug_macro   0x00014078       0x46 ./dxl_sdk/dxl_hal.o
 .debug_macro   0x000140be       0x1f ./dxl_sdk/dxl_hal.o
 .debug_macro   0x000140dd       0x48 ./dxl_sdk/dynamixel.o
 .debug_macro   0x00014125       0xa0 ./dxl_sdk/dynamixel.o
 .debug_macro   0x000141c5      0x276 ./Static_Code/System/CPU_Init.o
 .debug_macro   0x0001443b       0x81 ./Static_Code/System/CPU_Init.o
 .debug_macro   0x000144bc       0x4a ./Static_Code/System/CPU_Init.o
 .debug_macro   0x00014506       0x22 ./Static_Code/System/CPU_Init.o
 .debug_macro   0x00014528      0x2a1 ./Static_Code/System/CPU_Init.o
 .debug_macro   0x000147c9      0x264 ./Static_Code/System/Vectors.o
 .debug_macro   0x00014a2d      0x399 ./Sources/Events.o
 .debug_macro   0x00014dc6       0x1c ./Sources/Events.o
 .debug_macro   0x00014de2      0x61c ./Sources/Events.o
 .debug_macro   0x000153fe      0x625 ./Sources/Events.o
 .debug_macro   0x00015a23      0x328 ./Sources/Events.o
 .debug_macro   0x00015d4b      0x1e9 ./Sources/Events.o
 .debug_macro   0x00015f34      0x109 ./Sources/Events.o
 .debug_macro   0x0001603d      0x17f ./Sources/Events.o
 .debug_macro   0x000161bc      0x202 ./Sources/Events.o
 .debug_macro   0x000163be      0x91e ./Sources/Events.o
 .debug_macro   0x00016cdc      0x585 ./Sources/Events.o
 .debug_macro   0x00017261       0x9e ./Sources/Events.o
 .debug_macro   0x000172ff      0x1f9 ./Sources/Events.o
 .debug_macro   0x000174f8      0x50f ./Sources/Events.o
 .debug_macro   0x00017a07      0x6a6 ./Sources/Events.o
 .debug_macro   0x000180ad      0x29c ./Sources/Events.o
 .debug_macro   0x00018349      0x264 ./Sources/Events.o
 .debug_macro   0x000185ad      0x25b ./Sources/Events.o
 .debug_macro   0x00018808      0x4f1 ./Sources/Events.o
 .debug_macro   0x00018cf9      0x13f ./Sources/Events.o
 .debug_macro   0x00018e38       0x6c ./Sources/Events.o
 .debug_macro   0x00018ea4      0x30d ./Sources/Events.o
 .debug_macro   0x000191b1       0xbb ./Sources/Events.o
 .debug_macro   0x0001926c       0xe9 ./Sources/Events.o
 .debug_macro   0x00019355      0x4ea ./Sources/Events.o
 .debug_macro   0x0001983f      0x18f ./Sources/Events.o
 .debug_macro   0x000199ce       0xea ./Sources/Events.o
 .debug_macro   0x00019ab8      0x344 ./Sources/Events.o
 .debug_macro   0x00019dfc      0x824 ./Sources/Events.o
 .debug_macro   0x0001a620      0x179 ./Sources/Events.o
 .debug_macro   0x0001a799      0x644 ./Sources/Events.o
 .debug_macro   0x0001addd      0xa28 ./Sources/Events.o
 .debug_macro   0x0001b805      0x124 ./Sources/Events.o
 .debug_macro   0x0001b929      0x648 ./Sources/Events.o
 .debug_macro   0x0001bf71      0x7bf ./Sources/Events.o
 .debug_macro   0x0001c730      0x10f ./Sources/Events.o
 .debug_macro   0x0001c83f      0x66f ./Sources/Events.o
 .debug_macro   0x0001ceae       0x7b ./Sources/Events.o
 .debug_macro   0x0001cf29      0x182 ./Sources/Events.o
 .debug_macro   0x0001d0ab      0x3ac ./Sources/main.o
 .debug_macro   0x0001d457      0x121 ./Project_Settings/Startup_Code/startup.o
 .debug_macro   0x0001d578      0x166 ./Project_Settings/Startup_Code/startup.o
 .debug_macro   0x0001d6de       0x4a ./Project_Settings/Startup_Code/startup.o
 .debug_macro   0x0001d728       0x52 ./Project_Settings/Startup_Code/startup.o
 .debug_macro   0x0001d77a       0x16 ./Project_Settings/Startup_Code/startup.o
 .debug_macro   0x0001d790       0x43 ./Project_Settings/Startup_Code/startup.o
 .debug_macro   0x0001d7d3      0x180 ./Project_Settings/Startup_Code/startup.o
 .debug_macro   0x0001d953      0x2a6 ./Project_Settings/Startup_Code/startup.o
 .debug_macro   0x0001dbf9       0x10 ./Project_Settings/Startup_Code/startup.o
 .debug_macro   0x0001dc09       0x35 ./Project_Settings/Startup_Code/startup.o
 .debug_macro   0x0001dc3e       0x16 ./Project_Settings/Startup_Code/startup.o
 .debug_macro   0x0001dc54       0x22 ./Project_Settings/Startup_Code/startup.o
 .debug_macro   0x0001dc76       0x10 ./Project_Settings/Startup_Code/startup.o
 .debug_macro   0x0001dc86      0x20f ./Project_Settings/Startup_Code/startup.o
 .debug_macro   0x0001de95    0x110a2 ./Project_Settings/Startup_Code/startup.o
 .debug_macro   0x0002ef37      0x2c6 ./Generated_Code/AS1.o
 .debug_macro   0x0002f1fd       0x66 ./Generated_Code/AS1.o
 .debug_macro   0x0002f263      0x113 ./Generated_Code/ASerialLdd1.o
 .debug_macro   0x0002f376       0x26 ./Generated_Code/ASerialLdd1.o
 .debug_macro   0x0002f39c      0x7b9 ./Generated_Code/ASerialLdd1.o
 .debug_macro   0x0002fb55       0xfa ./Generated_Code/BitIoLdd1.o
 .debug_macro   0x0002fc4f       0xfa ./Generated_Code/BitIoLdd2.o
 .debug_macro   0x0002fd49       0xfa ./Generated_Code/BitIoLdd3.o
 .debug_macro   0x0002fe43      0x253 ./Generated_Code/Cpu.o
 .debug_macro   0x00030096      0x204 ./Generated_Code/PE_LDD.o
 .debug_macro   0x0003029a      0x23f ./Generated_Code/TI1.o
 .debug_macro   0x000304d9      0x11d ./Generated_Code/TMOUT1.o
 .debug_macro   0x000305f6      0x10f ./Generated_Code/TU1.o
 .debug_macro   0x00030705       0x7b ./Generated_Code/TU1.o
 .debug_macro   0x00030780      0x119 ./Generated_Code/TimerIntLdd1.o
 .debug_macro   0x00030899       0xff ./Generated_Code/WAIT1.o

.debug_line     0x00000000     0x5b2c
 .debug_line    0x00000000      0x466 ./dxl_sdk/dxl_hal.o
 .debug_line    0x00000466      0x2cb ./dxl_sdk/dynamixel.o
 .debug_line    0x00000731      0x5e9 ./Static_Code/System/CPU_Init.o
 .debug_line    0x00000d1a      0xb8f ./Static_Code/System/Vectors.o
 .debug_line    0x000018a9      0x6b4 ./Sources/Events.o
 .debug_line    0x00001f5d      0x6c1 ./Sources/main.o
 .debug_line    0x0000261e      0x3bd ./Project_Settings/Startup_Code/startup.o
 .debug_line    0x000029db      0x6f3 ./Generated_Code/AS1.o
 .debug_line    0x000030ce      0x449 ./Generated_Code/ASerialLdd1.o
 .debug_line    0x00003517      0x373 ./Generated_Code/BitIoLdd1.o
 .debug_line    0x0000388a      0x373 ./Generated_Code/BitIoLdd2.o
 .debug_line    0x00003bfd      0x373 ./Generated_Code/BitIoLdd3.o
 .debug_line    0x00003f70      0x4ee ./Generated_Code/Cpu.o
 .debug_line    0x0000445e      0x487 ./Generated_Code/PE_LDD.o
 .debug_line    0x000048e5      0x474 ./Generated_Code/TI1.o
 .debug_line    0x00004d59      0x3c9 ./Generated_Code/TMOUT1.o
 .debug_line    0x00005122      0x353 ./Generated_Code/TU1.o
 .debug_line    0x00005475      0x358 ./Generated_Code/TimerIntLdd1.o
 .debug_line    0x000057cd      0x35f ./Generated_Code/WAIT1.o

.debug_str      0x00000000    0xec582
 .debug_str     0x00000000    0x6bee3 ./dxl_sdk/dxl_hal.o
                              0x6c054 (size before relaxing)
 .debug_str     0x0006bee3      0x456 ./dxl_sdk/dynamixel.o
                               0x28ee (size before relaxing)
 .debug_str     0x0006c339     0x1fbd ./Static_Code/System/CPU_Init.o
                              0x6df3a (size before relaxing)
 .debug_str     0x0006e2f6      0x984 ./Static_Code/System/Vectors.o
                              0x6e35e (size before relaxing)
 .debug_str     0x0006ec7a    0x7a9e3 ./Sources/Events.o
                              0xe7374 (size before relaxing)
 .debug_str     0x000e965d       0x17 ./Sources/main.o
                              0xe7517 (size before relaxing)
 .debug_str     0x000e9674     0x219c ./Project_Settings/Startup_Code/startup.o
                              0x63699 (size before relaxing)
 .debug_str     0x000eb810      0x332 ./Generated_Code/AS1.o
                              0x6cd2b (size before relaxing)
 .debug_str     0x000ebb42      0x344 ./Generated_Code/ASerialLdd1.o
                              0x79474 (size before relaxing)
 .debug_str     0x000ebe86       0xe2 ./Generated_Code/BitIoLdd1.o
                              0x6ae4b (size before relaxing)
 .debug_str     0x000ebf68       0xa0 ./Generated_Code/BitIoLdd2.o
                              0x6ae4b (size before relaxing)
 .debug_str     0x000ec008       0xa0 ./Generated_Code/BitIoLdd3.o
                              0x6ae4b (size before relaxing)
 .debug_str     0x000ec0a8       0x34 ./Generated_Code/Cpu.o
                              0x6caeb (size before relaxing)
 .debug_str     0x000ec0dc      0x15f ./Generated_Code/PE_LDD.o
                              0x6cb4a (size before relaxing)
 .debug_str     0x000ec23b       0x31 ./Generated_Code/TI1.o
                              0x6c9bf (size before relaxing)
 .debug_str     0x000ec26c       0xf4 ./Generated_Code/TMOUT1.o
                              0x6a562 (size before relaxing)
 .debug_str     0x000ec360       0xe0 ./Generated_Code/TU1.o
                              0x6ae41 (size before relaxing)
 .debug_str     0x000ec440       0xbe ./Generated_Code/TimerIntLdd1.o
                              0x6ad66 (size before relaxing)
 .debug_str     0x000ec4fe       0x84 ./Generated_Code/WAIT1.o
                              0x6a560 (size before relaxing)

.comment        0x00000000       0x70
 .comment       0x00000000       0x70 ./dxl_sdk/dxl_hal.o
                                 0x71 (size before relaxing)
 .comment       0x00000000       0x71 ./dxl_sdk/dynamixel.o
 .comment       0x00000000       0x71 ./Static_Code/System/CPU_Init.o
 .comment       0x00000000       0x71 ./Static_Code/System/Vectors.o
 .comment       0x00000000       0x71 ./Sources/Events.o
 .comment       0x00000000       0x71 ./Sources/main.o
 .comment       0x00000000       0x71 ./Project_Settings/Startup_Code/startup.o
 .comment       0x00000000       0x71 ./Generated_Code/AS1.o
 .comment       0x00000000       0x71 ./Generated_Code/ASerialLdd1.o
 .comment       0x00000000       0x71 ./Generated_Code/BitIoLdd1.o
 .comment       0x00000000       0x71 ./Generated_Code/BitIoLdd2.o
 .comment       0x00000000       0x71 ./Generated_Code/BitIoLdd3.o
 .comment       0x00000000       0x71 ./Generated_Code/Cpu.o
 .comment       0x00000000       0x71 ./Generated_Code/PE_LDD.o
 .comment       0x00000000       0x71 ./Generated_Code/TI1.o
 .comment       0x00000000       0x71 ./Generated_Code/TMOUT1.o
 .comment       0x00000000       0x71 ./Generated_Code/TU1.o
 .comment       0x00000000       0x71 ./Generated_Code/TimerIntLdd1.o
 .comment       0x00000000       0x71 ./Generated_Code/WAIT1.o

.debug_frame    0x00000000     0x1a84
 .debug_frame   0x00000000       0xe0 ./dxl_sdk/dxl_hal.o
 .debug_frame   0x000000e0      0x274 ./dxl_sdk/dynamixel.o
 .debug_frame   0x00000354       0x9c ./Static_Code/System/CPU_Init.o
 .debug_frame   0x000003f0      0xcb0 ./Static_Code/System/Vectors.o
 .debug_frame   0x000010a0       0xd4 ./Sources/Events.o
 .debug_frame   0x00001174       0x30 ./Sources/main.o
 .debug_frame   0x000011a4       0xc0 ./Project_Settings/Startup_Code/startup.o
 .debug_frame   0x00001264      0x1cc ./Generated_Code/AS1.o
 .debug_frame   0x00001430       0xec ./Generated_Code/ASerialLdd1.o
 .debug_frame   0x0000151c       0x9c ./Generated_Code/BitIoLdd1.o
 .debug_frame   0x000015b8       0x9c ./Generated_Code/BitIoLdd2.o
 .debug_frame   0x00001654       0x9c ./Generated_Code/BitIoLdd3.o
 .debug_frame   0x000016f0       0x68 ./Generated_Code/Cpu.o
 .debug_frame   0x00001758       0x64 ./Generated_Code/PE_LDD.o
 .debug_frame   0x000017bc       0x30 ./Generated_Code/TI1.o
 .debug_frame   0x000017ec       0xd4 ./Generated_Code/TMOUT1.o
 .debug_frame   0x000018c0       0x50 ./Generated_Code/TU1.o
 .debug_frame   0x00001910       0x50 ./Generated_Code/TimerIntLdd1.o
 .debug_frame   0x00001960       0x90 ./Generated_Code/WAIT1.o
 .debug_frame   0x000019f0       0x28 e:/freescale/kds_v3/toolchain/bin/../lib/gcc/arm-none-eabi/4.8.4/../../../../arm-none-eabi/lib/armv7e-m/fpu\libg_s.a(lib_a-exit.o)
 .debug_frame   0x00001a18       0x2c e:/freescale/kds_v3/toolchain/bin/../lib/gcc/arm-none-eabi/4.8.4/../../../../arm-none-eabi/lib/armv7e-m/fpu\libg_s.a(lib_a-init.o)
 .debug_frame   0x00001a44       0x20 e:/freescale/kds_v3/toolchain/bin/../lib/gcc/arm-none-eabi/4.8.4/../../../../arm-none-eabi/lib/armv7e-m/fpu\libg_s.a(lib_a-memset.o)
 .debug_frame   0x00001a64       0x20 e:/freescale/kds_v3/toolchain/bin/../lib/gcc/arm-none-eabi/4.8.4/../../../../arm-none-eabi/lib/armv7e-m/fpu\libnosys.a(_exit.o)
